tests/test_ccr_mcp_server.py::test_shared_stats_work_without_fcntl
tests/test_cli/test_mcp.py::TestMCPServerInitialization::test_mcp_server_has_correct_tool_name
tests/test_dashboard/test_live_feed.py::test_live_feed_button_exists
tests/test_dashboard/test_live_feed.py::test_live_feed_drawer_opens
tests/test_dashboard/test_live_feed.py::test_live_feed_shows_empty_state
tests/test_dashboard/test_live_feed.py::test_live_feed_fetches_and_displays
tests/test_dashboard_surfaces_playwright.py::test_dashboard_surfaces_render_correctly
tests/test_header_isolation.py::test_x_cutctx_bypass_not_forwarded
tests/test_header_isolation.py::test_x_cutctx_mode_not_forwarded
tests/test_header_isolation.py::test_x_cutctx_user_id_not_forwarded
tests/test_header_isolation.py::test_x_cutctx_stack_not_forwarded
tests/test_header_isolation.py::test_x_cutctx_base_url_not_forwarded
tests/test_header_isolation.py::test_case_insensitive_prefix_match_e2e
tests/test_header_isolation.py::test_legitimate_headers_passthrough_e2e
tests/test_header_isolation.py::test_inbound_read_path_still_reads_x_cutctx_bypass
tests/test_header_isolation.py::test_disabled_mode_passes_through_e2e
tests/test_memory_service_routes.py::test_memory_router_mounts_sync_and_review
tests/test_provider_codex_runtime.py::test_codex_launch_env_routes_messages_through_cutctx
tests/test_provider_codex_runtime.py::test_codex_install_env_routes_messages_through_cutctx
tests/test_provider_codex_runtime.py::test_init_codex_config_routes_messages_through_cutctx
tests/test_provider_codex_runtime.py::test_provider_scope_codex_config_routes_messages_through_cutctx
tests/test_proxy_byte_faithful_forwarding.py::test_passthrough_no_mutation_byte_equal_sha256
tests/test_proxy_byte_faithful_forwarding.py::test_compression_off_unicode_preserved
tests/test_proxy_byte_faithful_forwarding.py::test_compression_off_numeric_precision_preserved
tests/test_proxy_byte_faithful_forwarding.py::test_legacy_json_kwarg_mode_yields_drifted_bytes
tests/test_proxy_byte_faithful_forwarding.py::test_batch_passthrough_byte_faithful
tests/test_proxy_dashboard_stats_cache.py::test_stats_surface_optional_feature_availability
tests/test_proxy_handler_helpers.py::test_retry_request_retries_connect_timeout
tests/test_proxy_handlers_batch.py::test_batch_passthrough_forwards_request_and_strips_response_headers
tests/test_proxy_handlers_batch.py::test_handle_batch_create_handles_empty_upload_failure_and_success
tests/test_proxy_handlers_batch.py::test_download_and_upload_openai_file_helpers
tests/test_proxy_handlers_batch.py::test_handle_google_batch_results_passes_through_early_exit_cases
tests/test_proxy_handlers_batch.py::test_handle_google_batch_results_processes_completed_results
tests/test_proxy_handlers_batch.py::test_google_batch_passthrough_helpers_forward_and_track_metrics
tests/test_proxy_handlers_batch.py::test_google_batch_passthrough_without_body_and_query_variants
tests/test_route_modules.py::test_secrets_list_authenticated_empty
tests/test_route_modules.py::test_secrets_create_authenticated
CONSOLE:
CONSOLE:
CONSOLE:
CONSOLE:
CONSOLE:
CONSOLE:
CONSOLE:
CONSOLE:
FAILED
FAILED
FAILED
FAILED
FAILED
FAILED
FAILED
FAILED
FAILED
FAILED
FAILED
FAILED
FAILED
FAILED
FAILED
FAILED
FAILED
FAILED
FAILED
FAILED
FAILED
FAILED
FAILED
FAILED
FAILED
FAILED
FAILED
FAILED
FAILED
FAILED
FAILED
FAILED
FAILED
FAILED
FAILED
FAILED
FAILED
